Nosizo Lukhele â€“ SDS 510 Project 1 Bash Session Transcript

Script started on Wed Oct 22 10:15:03 2025
[?1034hbash-3.2$ /opt/anaconda3/envs/jupyter_env/bin/jupyter_mac.command ; exit;
[C[C[C[C[C[C[C[C[C[C[C[C[C[C[C[C[C[C[C[C[C[C[C[C[C[17P[C[C[C[C[C[C[C[C[C[C[C[C[C[C[C[C[C[C[C[C[C[C[C[C[C[C[C[C[C[C[C
[C[C[C[C[C[C[C[C[C[C[C[C[C[C[C[C[C[C[C[C[C[C[C[C[C[17@envs/jupyter_env/[C[C[C[C[C[C[C[C[C[C[C[C[C[C[C[C[C[C[C[C[C[C[C[C[C[C[C[C[C[C[C
[C[C[C[C[C[C[C[C[C[C[Kscript b[K[K[K[K[K[K[K[Kpwd
/Users/nosizolukhele/data
bash-3.2$ ls
bash_session.txt		education_matches_results.txt	log.csv				pol.tar.gz
bash-3.2$ mkdir sds510P[K_Project1
bash-3.2$ cdmkdir sds510_Project1[1P[C[1P sds510_Project1
[C[C[C[C[C[C[C[C[C[C[C[C[C[1P sds510_Project1
[C[C[C[C[C[C[C[C[C[C[C[C[1P sds510_Project1
[C[C[C[C[C[C[C[C[C[C[C[1P sds510_Project1
[C[C[C[C[C[C[C[C[C[Cc sds510_Project1
[C[C[C[C[C[C[C[C[C[C[Cd sds510_Project1
[C[C[C[C[C[C[C[C[C[C[C[C
bash-3.2$ pwd
/Users/nosizolukhele/data/sds510_Project1
bash-3.2$ curl -s -L https://www.dropbox.com/s/14jagxjbzhyxg8g/log.tar.gz -o pol.tar.gz[1@b[1@i[1@t[1@.[1@l[1@y[1@z[1P[1P[1P[1P[1P[1P[1P[C[1@b[1@i[1@t[1@.[1@l[1@y[1@/[C[C[C[C[C[C[C[C[C[C[C[C[C[C[C[C[C[C[C[C[C[C[C[C[C[C[C[C[C[C[C[C[C[C[C[C[C[C[C[C[C[C[C[C[C[C[C[C[C[C[C[C[C[C[C[C[C[C
bash-3.2$ ls
pol.tar.gz
bash-3.2$ tar -xvzf pol.tag[Kr.gz
tar: Unrecognized archive format
tar: Error exit delayed from previous errors.
bash-3.2$ tar -xvzf pol.tar.gz
tar: Unrecognized archive format
tar: Error exit delayed from previous errors.
bash-3.2$ tar -xvzf pol.tar.gz
tar: Unrecognized archive format
tar: Error exit delayed from previous errors.
bash-3.2$ tar -xvzf pol.tar.gz
[C[C[C[C[C[C[C[C[C[Cls[Kcurl -s -L https://bit.ly/www.dropbox.com/s/14jagxjbzhyxg8g/log.tar.gz -o pol.tar.gz[1P[1P[1P[1P[1P[1P[1P[C[C[C[C[C[C[C[C[C[C[C[C[C[C[C[C[C[C[C[C[C[C[C[C[C[C[C[C[C[C[C[C[C[C[C[C[C[C[C[C[C[C[C[C[C[C[C[C[C[C[C[C[C[C[C[C[C[C
^[[A    bash-3.2$ curl -s -L https://www.dropbox.com/s/14jagxjbzhyxg8g/log.tar.gz -o pol.tar.gz
[C[C[C[C[C[C[C[C[C[Ctar -xvzf pol.tar.gz[K
[C[C[C[C[C[C[C[C[C[Cls[Kcurl -s -L https://bit.ly/www.dropbox.com/s/14jagxjbzhyxg8g/log.tar.gz -o pol.tar.gz
[C[C[C[C[C[C[C[C[C[Cls[K
pol.tar.gz
bash-3.2$ lscurl -s -L https://www.dropbox.com/s/14jagxjbzhyxg8g/log.tar.gz -o pol.tar.gz
[C[C[C[C[C[C[C[C[C[Ctar -xvzf pol.tar.gz[K
x log.csv
bash-3.2$ ls -l
total 6217088
-rw-r--r--  1 nosizolukhele  staff  2785518314 Jan  9  2018 log.csv
-rw-r--r--  1 nosizolukhele  staff   384564585 Oct 22 10:28 pol.tar.gz
bash-3.2$ grep 'education*'.txt log.csv[K[K[K[K[K[K[K[K[K[K[K[K[K[K[K[K[K[K[K[K[K[K[K[K'd[Keducation90[K[K[][][C][K[1P][1P][1P][1P][1P][1P][1P][1P][1P][1P][1P][1P][C[K[K[K[K[K[Kgrep 'education[^[:space:]]*\.txt' log.csv
1.202.140.ged,2017-06-27,01:34:47,0.0,886982.0,0000769993-17-000435,taleducation0gscototal.txt,200.0,5870.0,0.0,0.0,0.0,9.0,0.0,
86.153.148.abf,2017-06-27,06:14:10,0.0,1046568.0,0001132625-10-000026,v13ga4careereducation.txt,200.0,5440.0,0.0,0.0,0.0,10.0,0.0,
86.153.148.abf,2017-06-27,06:59:20,0.0,922475.0,0001086364-10-008787,itteducation012910.txt,200.0,5188.0,0.0,0.0,0.0,10.0,0.0,
40.77.167.ifh,2017-06-27,07:03:14,0.0,1302343.0,0000869311-17-000385,education.realty.trust..txt,200.0,5145.0,0.0,0.0,0.0,10.0,0.0,
86.153.148.abf,2017-06-27,07:44:03,0.0,895421.0,0000895421-10-000405,neworientaleducation1.txt,200.0,3800.0,0.0,0.0,0.0,10.0,0.0,
86.153.148.abf,2017-06-27,08:21:58,0.0,895421.0,0000895421-10-000405,neworientaleducation1.txt,200.0,3800.0,0.0,0.0,0.0,10.0,0.0,
180.165.168.jeh,2017-06-27,12:45:47,0.0,1364742.0,0000215457-17-003221,tal.education.group..txt,200.0,4925.0,0.0,0.0,0.0,10.0,0.0,
180.165.168.jeh,2017-06-27,12:49:03,0.0,886982.0,0000769993-17-000435,taleducation0gscototal.txt,200.0,5870.0,0.0,0.0,0.0,10.0,0.0,
199.192.67.ihd,2017-06-27,13:03:10,0.0,861177.0,0000861177-17-000012,new_oriental_education_tech.txt,200.0,11854.0,0.0,0.0,0.0,10.0,0.0,
199.192.67.ihd,2017-06-27,13:15:16,0.0,1364742.0,0000215457-17-003221,tal.education.group..txt,200.0,11588.0,0.0,0.0,0.0,10.0,0.0,
117.136.0.cca,2017-06-27,13:38:10,0.0,1364742.0,0000215457-17-003221,tal.education.group..txt,200.0,4925.0,0.0,0.0,0.0,10.0,0.0,
204.4.182.ide,2017-06-27,13:48:17,0.0,886982.0,0000769993-17-000435,taleducation0gscototal.txt,200.0,5870.0,0.0,0.0,0.0,9.0,0.0,
156.33.118.eja,2017-06-27,14:37:56,0.0,929887.0,0000215457-17-002148,apollo.education.gro.txt,200.0,5094.0,0.0,0.0,0.0,9.0,0.0,
206.200.253.bjg,2017-06-27,15:02:11,0.0,861177.0,0000861177-17-000012,new_oriental_education_tech.txt,200.0,4678.0,0.0,0.0,0.0,9.0,0.0,
86.153.148.abf,2017-06-27,15:49:11,0.0,895421.0,0000895421-09-000638,careereducation3.txt,200.0,3811.0,0.0,0.0,0.0,10.0,0.0,
86.153.148.abf,2017-06-27,15:51:33,0.0,895421.0,0000895421-09-000638,careereducation3.txt,200.0,3811.0,0.0,0.0,0.0,10.0,0.0,
199.192.67.ihd,2017-06-27,16:27:39,0.0,861177.0,0000861177-17-000012,new_oriental_education_tech.txt,200.0,11854.0,0.0,0.0,0.0,10.0,0.0,
199.192.67.ihd,2017-06-27,17:35:04,0.0,1364742.0,0000215457-17-003221,tal.education.group..txt,200.0,11588.0,0.0,0.0,0.0,10.0,0.0,
86.153.148.abf,2017-06-27,22:41:48,0.0,1046568.0,0001132625-09-000021,v13ga3careereducation.txt,200.0,5619.0,0.0,0.0,0.0,10.0,0.0,
86.153.148.abf,2017-06-27,23:54:09,0.0,1302343.0,0001390777-09-000029,educationrealty2008yebnymc.txt,200.0,7078.0,0.0,0.0,0.0,10.0,0.0,
58.177.7.fad,2017-06-27,23:54:52,0.0,1364742.0,0000215457-17-003221,tal.education.group..txt,200.0,4931.0,0.0,0.0,0.0,10.0,0.0,
bash-3.2$ l[Kgrep -o 'education[^[:space:]]*\.txt' log.csv
education0gscototal.txt
education.txt
education012910.txt
education.realty.trust..txt
education1.txt
education1.txt
education.group..txt
education0gscototal.txt
education_tech.txt
education.group..txt
education.group..txt
education0gscototal.txt
education.gro.txt
education_tech.txt
education3.txt
education3.txt
education_tech.txt
education.group..txt
education.txt
educationrealty2008yebnymc.txt
education.group..txt
bash-3.2$ grep -o 'education[^[:space:]]*\.txt' log.csv .[K> matches_education[K[K[K[K[K[K[K[K[K[K[K[K[K[K[K[K[Kedua[Kcation_matches_resukts[K[K[Kls[Kts.txt
bash-3.2$ head education_matches_e[Kresuk[Klu[K[Klts.txt
education0gscototal.txt
education.txt
education012910.txt
education.realty.trust..txt
education1.txt
education1.txt
education.group..txt
education0gscototal.txt
education_tech.txt
education.group..txt
bash-3.2$ exit
exit

Script done on Wed Oct 22 10:39:46 2025
