Nosizo Lukhele â€“ SDS 510 Project 1 Github Repository Session Transcript

Script started on Thu Oct 23 15:47:39 2025
[?1034hbash-3.2$ git ii=[K[Knit[K[K[K[K[K[K[K[Kls
LICENSE		README.md	my_git_sesh.txt	sds510_Project1
bash-3.2$ ls sds510_Project1
education_matches_results.txt	log.csv				pol.tar.gz
bash-3.2$ cp ls sds510_Project1
[C[C[C[C[C[C[C[C[C[C[C[C[Kexithead education_matches_results.txt
[C[C[C[C[C[C[C[C[C[C[43@grep -o 'education[^[:space:]]*\.txt' log.csv >[C[C[C[C[C[C[C[C[C[C[C[C[C[C[C[C[C[C[C[C[C[C[C[C[C[C[C[C[C[C[K
[C[C[C[C[C[C[C[C[C[C[C[C[C[C[C[3P[C[C[C[C[C[C[C[C[C[C[C[C[C[C[C[C[C[C[C[C[C[C[C[C[C[C[C[C[C[C[C[C[C[C[C[C[C
[C[C[C[C[C[C[C[C[C[Cls -l[Ktar -xvzf pol.tar.gz
[C[C[C[C[C[C[C[C[C[Cls[Kcurl -s -L https://www.dropbox.com/s/14jagxjbzhyxg8g/log.tar.gz -o pol.tar.gz
[C[C[C[C[C[C[C[C[C[Ctar -xvzf pol.tar.gz[K
[C[C[C[C[C[C[C[C[C[C[57@curl -s -L https://www.dropbox.com/s/14jagxjbzhyxg8g/log.tar.gz -o[C[C[C[C[C[C[C[C[C[C[C
[C[C[C[C[C[C[C[C[C[Cls[Ktar -xvzf pol.tar.gz
[C[C[C[C[C[C[C[C[C[Cls -l[Kgrep 'education[^[:space:]]*\.txt' log.csv
[C[C[C[C[C[C[C[C[C[C[C[C[C[C[C[3@-o [C[C[C[C[C[C[C[C[C[C[C[C[C[C[C[C[C[C[C[C[C[C[C[C[C[C[C[C[C[C[C[C[C[C[C[C[C > education_matches_results.txt
[C[C[C[C[C[C[C[C[C[C[43Phead[C[C[C[C[C[C[C[C[C[C[C[C[C[C[C[C[C[C[C[C[C[C[C[C[C[C[C[C[C[C
[C[C[C[C[C[C[C[C[C[Cexit[K[2Pls sds510_Project1
[C[C[C[C[C[C[C[C[C[Ccp [K[K[K[Kcp -r ~/data/sds510_Project1 .[K[K[K[K[K[K[K[K[K[K[K[K[K[K[K[K[Kmy_bash_session.txt .
cp: /Users/nosizolukhele/data/my_bash_session.txt: No such file or directory
bash-3.2$ cp -r ~/data/my_bash_session.txt .[1P[1P[1P[C[C[C[C[C[C[C[C[C[C[C[C[C[C[C[C[C[C
bash-3.2$ ls
LICENSE			README.md		bash_session.txt	my_git_sesh.txt		sds510_Project1
bash-3.2$ re[Km[K[Klscp -r ~/data/bash_session.txt .[1P .[1P .[1P .[1P .[1P .[1P .[1P .[1P .[1P .[1P .[1P .[1P .[1P .[1P .[1P .[1P .s .d .s .5 .1 .0 .P .[1P ._ .P .r .o .j .e .c .t .1 ./ .e .d .u .c .a .t .i .o .n ._ .m .a .t .c .h .e .s ._ .r .e .s .u .l .t .s .. .t .x .t .[C[C
bash-3.2$ ls
LICENSE				README.md			bash_session.txt		education_matches_results.txt	my_git_sesh.txt			sds510_Project1
bash-3.2$ git [K[K[K[Kgit clone https://github.com/lnosizo/sds510.git
Cloning into 'sds510'...
remote: Enumerating objects: 9, done.[K
remote: Counting objects:  11% (1/9)[K
remote: Counting objects:  22% (2/9)[K
remote: Counting objects:  33% (3/9)[K
remote: Counting objects:  44% (4/9)[K
remote: Counting objects:  55% (5/9)[K
remote: Counting objects:  66% (6/9)[K
remote: Counting objects:  77% (7/9)[K
remote: Counting objects:  88% (8/9)[K
remote: Counting objects: 100% (9/9)[K
remote: Counting objects: 100% (9/9), done.[K
remote: Compressing objects:  12% (1/8)[K
remote: Compressing objects:  25% (2/8)[K
remote: Compressing objects:  37% (3/8)[K
remote: Compressing objects:  50% (4/8)[K
remote: Compressing objects:  62% (5/8)[K
remote: Compressing objects:  75% (6/8)[K
remote: Compressing objects:  87% (7/8)[K
remote: Compressing objects: 100% (8/8)[K
remote: Compressing objects: 100% (8/8), done.[K
remote: Total 9 (delta 1), reused 5 (delta 1), pack-reused 0 (from 0)[K
Unpacking objects:  11% (1/9)   
Unpacking objects:  22% (2/9)   
Unpacking objects:  33% (3/9)   
Unpacking objects:  44% (4/9)   
Unpacking objects:  55% (5/9)   
Unpacking objects:  66% (6/9)   
Unpacking objects:  77% (7/9)   
Unpacking objects:  88% (8/9)   
Unpacking objects: 100% (9/9)   
Unpacking objects: 100% (9/9), done.
bash-3.2$ ls
LICENSE				bash_session.txt		my_git_sesh.txt			sds510_Project1
README.md			education_matches_results.txt	sds510
bash-3.2$ git init
Reinitialized existing Git repository in /Users/nosizolukhele/sds510/.git/
bash-3.2$ git init[Kcat README.md
# sds510
This repository contains the results of a forensic analysis of recovered log files. They are references to files  in the log data that match the pattern `education*.txt'
bash-3.2$ git config --global user.name "Nosizo Lukhele"
bash-3.2$ git config --global user.name "Nosizo Lukhele"[K[K[K[K[K[K[K[K[K[K[K[K[K[K[K[K[K[K[K[K[Kemail lnosizo@asu.edu
bash-3.2$ git config --global user.email lnosizo@asu.edu[K[K[K[K[K[K[K[K[K[K[K[K[K[K[K[K[K[K[K[K[K[K[K[K[K[Kcore.autocrlf input
bash-3.2$ git add bash_session.txt
bash-3.2$ ls[K[Kgit add educatui[K[Kion_matches_resus[Klts.txt
bash-3.2$ git status
On branch main
Your branch is up to date with 'origin/main'.

Changes to be committed:
  (use "git reset HEAD <file>..." to unstage)

	[32mnew file:   bash_session.txt[m
	[32mnew file:   education_matches_results.txt[m

Untracked files:
  (use "git add <file>..." to include in what will be committed)

	[31mmy_git_sesh.txt[m
	[31msds510/[m
	[31msds510_Project1/log.csv[m
	[31msds510_Project1/pol.tar.gz[m

bash-3.2$ git commit -m "Added education_matches_results.txt to the repository"[1@a[1@n[1@d[1@ [1@a[1@ [1@c[1@o[1@p[1@y[1@ [1@o[1@f[1@ [1@m[1@y[1@ [1@b[1@a[1@s[1@h[1@ [1@s[1@e[1@s[1@s[1@i[1@o[1@n[1@ [1@s[1@h[1@o[1@w[1@i[1@n[1@g[1@ [1@h[1@o[1@w[1@ [1@y[1@o[1@u[1@ [1@g[1@o[C[1@t[1@ [C[1@t[1@h[1@e[1@ [1@d[1@a[C[1@t[1@a[1@ [1P[1P[1P[1@I[C[C[C[C[C[C[C[C[C[C[C[C[C[C[C[C[C[C[C[C[C[C[C[C[C[C[C[C[C[C[C[C
[main ebe5308] Added education_matches_results.txt and a copy of my bash session showing how I got the data to the repository
 2 files changed, 111 insertions(+)
 create mode 100644 bash_session.txt
 create mode 100644 education_matches_results.txt
bash-3.2$ git push
Counting objects: 3, done.
Delta compression using up to 4 threads.
Compressing objects:  33% (1/3)   
Compressing objects:  66% (2/3)   
Compressing objects: 100% (3/3)   
Compressing objects: 100% (3/3), done.
Writing objects:  33% (1/3)   
Writing objects:  66% (2/3)   
Writing objects: 100% (3/3)   
Writing objects: 100% (3/3), 1.90 KiB | 1.90 MiB/s, done.
Total 3 (delta 0), reused 0 (delta 0)
To https://github.com/lnosizo/sds510.git
   f9c5503..ebe5308  main -> main
bash-3.2$ git rm -r sds510_Project1
rm 'sds510_Project1/education_matches_results.txt'
bash-3.2$ ls
LICENSE				bash_session.txt		my_git_sesh.txt			sds510_Project1
README.md			education_matches_results.txt	sds510
bash-3.2$ git commit -m "Remove sds510_Project1 from repository"
[main a8a9318] Remove sds510_Project1 from repository
 1 file changed, 21 deletions(-)
 delete mode 100644 sds510_Project1/education_matches_results.txt
bash-3.2$ git push
Counting objects: 2, done.
Delta compression using up to 4 threads.
Compressing objects:  50% (1/2)   
Compressing objects: 100% (2/2)   
Compressing objects: 100% (2/2), done.
Writing objects:  50% (1/2)   
Writing objects: 100% (2/2)   
Writing objects: 100% (2/2), 245 bytes | 245.00 KiB/s, done.
Total 2 (delta 1), reused 0 (delta 0)
remote: Resolving deltas:   0% (0/1)[K
remote: Resolving deltas: 100% (1/1)[K
remote: Resolving deltas: 100% (1/1), completed with 1 local object.[K
To https://github.com/lnosizo/sds510.git
   ebe5308..a8a9318  main -> main
bash-3.2$ git status
On branch main
Your branch is up to date with 'origin/main'.

Untracked files:
  (use "git add <file>..." to include in what will be committed)

	[31mmy_git_sesh.txt[m
	[31msds510/[m
	[31msds510_Project1/[m

nothing added to commit but untracked files present (use "git add" to track)
bash-3.2$ nano bash_session.txt
[?1049h[1;63r(B[m[4l[?7h[?12l[?25h[?1h=[?1h=[?1h=[39;49m[39;49m(B[m[H[2J(B[0;7m  GNU nano 2.0.6                                                     File: bash_session.txt                                                                                                                 [3;1H(B[mScript started on Wed Oct 22 10:15:03 2025
[4d^[[?1034hbash-3.2$ /opt/anaconda3/envs/jupyter_env/bin/jupyter_mac.command ; exit;
[5d^[[C^[[C^[[C^[[C^[[C^[[C^[[C^[[C^[[C^[[C^[[C^[[C^[[C^[[C^[[C^[[C^[[C^[[C^[[C^[[C^[[C^[[C^[[C^[[C^[[C^[[17P^[[C^[[C^[[C^[[C^[[C^[[C^[[C^[[C^[[C^[[C^[[C^[[C^[[C^[[C^[[C^[[C^[[C^[[C^[[C^[[C^[[C^[[C^[[C^[[C^$[6;1H^[[C^[[C^[[C^[[C^[[C^[[C^[[C^[[C^[[C^[[C^[[C^[[C^[[C^[[C^[[C^[[C^[[C^[[C^[[C^[[C^[[C^[[C^[[C^[[C^[[C^[[17@envs/jupyter_env/^[[C^[[C^[[C^[[C^[[C^[[C^[[C^[[C^[[C^[[C^[[C^[[C^[[C^[[C^[[C^[[C^[[C^[[C^[[C^[[C$[7;1H^[[C^[[C^[[C^[[C^[[C^[[C^[[C^[[C^[[C^[[C^[[K^Gscript b^H^[[K^H^[[K^H^[[K^H^[[K^H^[[K^H^[[K^H^[[K^H^[[Kpwd
[8d/Users/nosizolukhele/data
[9dbash-3.2$ ls
[10dbash_session.txt[10;33Heducation_matches_results.txt   log.csv[10;97Hpol.tar.gz
[11dbash-3.2$ mkdir sds510P^H^[[K_Project1
[12dbash-3.2$ cd^H^Hmkdir sds510_Project1^H^H^H^H^H^H^H^H^H^H^H^H^H^H^H^H^H^H^[[1P^[[C^H^[[1P sds510_Project1
[13d^[[C^[[C^[[C^[[C^[[C^[[C^[[C^[[C^[[C^[[C^[[C^[[C^[[C^H^[[1P sds510_Project1
[14d^[[C^[[C^[[C^[[C^[[C^[[C^[[C^[[C^[[C^[[C^[[C^[[C^H^[[1P sds510_Project1
[15d^[[C^[[C^[[C^[[C^[[C^[[C^[[C^[[C^[[C^[[C^[[C^H^[[1P sds510_Project1
[16d^[[C^[[C^[[C^[[C^[[C^[[C^[[C^[[C^[[C^[[Cc sds510_Project1
[17d^[[C^[[C^[[C^[[C^[[C^[[C^[[C^[[C^[[C^[[C^[[Cd sds510_Project1
[18d^[[C^[[C^[[C^[[C^[[C^[[C^[[C^[[C^[[C^[[C^[[C^[[C
[19dbash-3.2$ pwd
[20d/Users/nosizolukhele/data/sds510_Project1
[21dbash-3.2$ curl -s -L https://www.dropbox.com/s/14jagxjbzhyxg8g/log.tar.gz -o pol.tar.gz^H^H^H^H^H^H^H^H^H^H^H^H^H^H^H^H^H^H^H^H^H^H^H^H^H^H^H^H^H^H^H^H^H^H^H^H^H^H^H^H^H^H^H^H^H^H^H^H^H^H^H^H^H^H^H^H^H^H$[22;1Hbash-3.2$ ls
[23dpol.tar.gz
[24dbash-3.2$ tar -xvzf pol.tag^H^[[Kr.gz
[25dtar: Unrecognized archive format
[26dtar: Error exit delayed from previous errors.
[27dbash-3.2$ tar -xvzf pol.tar.gz
[28dtar: Unrecognized archive format
[29dtar: Error exit delayed from previous errors.
[30dbash-3.2$ tar -xvzf pol.tar.gz
[31dtar: Unrecognized archive format
[32dtar: Error exit delayed from previous errors.
[33dbash-3.2$ tar -xvzf pol.tar.gz
[34d^[[C^[[C^[[C^[[C^[[C^[[C^[[C^[[C^[[C^[[Cls^[[K^H^Hcurl -s -L https://bit.ly/www.dropbox.com/s/14jagxjbzhyxg8g/log.tar.gz -o pol.tar.gz^H^H^H^H^H^H^H^H^H^H^H^H^H^H^H^H^H^H^H^H^H^H^H^H^H^H^H^H^H^H^H^H^H^H^$[35;1H^[[A^H ^H^H ^H^H ^H^H ^Hbash-3.2$ curl -s -L https://www.dropbox.com/s/14jagxjbzhyxg8g/log.tar.gz -o pol.tar.gz
[36d^[[C^[[C^[[C^[[C^[[C^[[C^[[C^[[C^[[C^[[Ctar -xvzf pol.tar.gz^[[K
[37d^[[C^[[C^[[C^[[C^[[C^[[C^[[C^[[C^[[C^[[Cls^[[K^H^Hcurl -s -L https://bit.ly/www.dropbox.com/s/14jagxjbzhyxg8g/log.tar.gz -o pol.tar.gz
[38d^[[C^[[C^[[C^[[C^[[C^[[C^[[C^[[C^[[C^[[Cls^[[K
[39dpol.tar.gz
[40dbash-3.2$ ls^H^Hcurl -s -L https://www.dropbox.com/s/14jagxjbzhyxg8g/log.tar.gz -o pol.tar.gz
[41d^[[C^[[C^[[C^[[C^[[C^[[C^[[C^[[C^[[C^[[Ctar -xvzf pol.tar.gz^[[K
[42dx log.csv
[43dbash-3.2$ ls -l
[44dtotal 6217088
[45d-rw-r--r--  1 nosizolukhele  staff  2785518314 Jan  9  2018 log.csv
[46d-rw-r--r--  1 nosizolukhele  staff   384564585 Oct 22 10:28 pol.tar.gz
[47dbash-3.2$ grep 'education*'.txt log.csv^H^[[K^H^[[K^H^[[K^H^[[K^H^[[K^H^[[K^H^[[K^H^[[K^H^[[K^H^[[K^H^[[K^H^[[K^H^[[K^H^[[K^H^[[K^H^[[K^H^[[K^H^[[K^H^[[K^H^[[K^H^[[K^H^[[K^H^[[K^H^[[K'd^H^[[Keducation90^$[48;1H1.202.140.ged,2017-06-27,01:34:47,0.0,886982.0,0000769993-17-000435,taleducation0gscototal.txt,200.0,5870.0,0.0,0.0,0.0,9.0,0.0,
[49d86.153.148.abf,2017-06-27,06:14:10,0.0,1046568.0,0001132625-10-000026,v13ga4careereducation.txt,200.0,5440.0,0.0,0.0,0.0,10.0,0.0,
[50d86.153.148.abf,2017-06-27,06:59:20,0.0,922475.0,0001086364-10-008787,itteducation012910.txt,200.0,5188.0,0.0,0.0,0.0,10.0,0.0,
[51d40.77.167.ifh,2017-06-27,07:03:14,0.0,1302343.0,0000869311-17-000385,education.realty.trust..txt,200.0,5145.0,0.0,0.0,0.0,10.0,0.0,
[52d86.153.148.abf,2017-06-27,07:44:03,0.0,895421.0,0000895421-10-000405,neworientaleducation1.txt,200.0,3800.0,0.0,0.0,0.0,10.0,0.0,
[53d86.153.148.abf,2017-06-27,08:21:58,0.0,895421.0,0000895421-10-000405,neworientaleducation1.txt,200.0,3800.0,0.0,0.0,0.0,10.0,0.0,
[54d180.165.168.jeh,2017-06-27,12:45:47,0.0,1364742.0,0000215457-17-003221,tal.education.group..txt,200.0,4925.0,0.0,0.0,0.0,10.0,0.0,
[55d180.165.168.jeh,2017-06-27,12:49:03,0.0,886982.0,0000769993-17-000435,taleducation0gscototal.txt,200.0,5870.0,0.0,0.0,0.0,10.0,0.0,
[56d199.192.67.ihd,2017-06-27,13:03:10,0.0,861177.0,0000861177-17-000012,new_oriental_education_tech.txt,200.0,11854.0,0.0,0.0,0.0,10.0,0.0,
[57d199.192.67.ihd,2017-06-27,13:15:16,0.0,1364742.0,0000215457-17-003221,tal.education.group..txt,200.0,11588.0,0.0,0.0,0.0,10.0,0.0,
[58d117.136.0.cca,2017-06-27,13:38:10,0.0,1364742.0,0000215457-17-003221,tal.education.group..txt,200.0,4925.0,0.0,0.0,0.0,10.0,0.0,
[59d204.4.182.ide,2017-06-27,13:48:17,0.0,886982.0,0000769993-17-000435,taleducation0gscototal.txt,200.0,5870.0,0.0,0.0,0.0,9.0,0.0,
[60d156.33.118.eja,2017-06-27,14:37:56,0.0,929887.0,0000215457-17-002148,apollo.education.gro.txt,200.0,5094.0,0.0,0.0,0.0,9.0,0.0,[61;76H(B[0;7m[ Read 104 lines (Converted from DOS and Mac format) ]
[62d^G(B[m Get Help[62;35H(B[0;7m^O(B[m WriteOut[62;69H(B[0;7m^R(B[m Read File[62;103H(B[0;7m^Y(B[m Prev Page[62;137H(B[0;7m^K(B[m Cut Text[62;171H(B[0;7m^C(B[m Cur Pos
[63d(B[0;7m^X(B[m Exit[63;35H(B[0;7m^J(B[m Justify[63;69H(B[0;7m^W(B[m Where Is[63;103H(B[0;7m^V(B[m Next Page[63;137H(B[0;7m^U(B[m UnCut Text[63;171H(B[0;7m^T(B[m To Spell
[3d[2;60r[2;1HM[1;63r[1;195H(B[0;7mModified
[3d(B[mNosizo Lukhele â€“ SDS 510 Project 1 Bash Session Transcript
[61d[K[4d7[4;60r8M[1;63r[5;1H[6d[7d[8d[9d[10d[11d[12d[13d[14d[15d[16d[17d[18d[19d[20d[21d[22d[23d[24d[25d[26d[27d[28d[29d[30d[31d[32d[33d[34d[35d[36d[37d[61d(B[0;7mSave modified buffer (ANSWERING "No" WILL DESTROY CHANGES) ?                                                                                                                                                [62;1H Y(B[m Yes[K
[63d(B[0;7m N(B[m No  [63;17H(B[0;7m^C(B[m Cancel[K[61;62H
(B[0;7mFile Name to Write: bash_session.txt                        
[62d^G(B[m Get Help[62;52H(B[0;7m^T(B[m To Files[62;103H(B[0;7mM-M(B[m Mac Format[62;154H(B[0;7mM-P(B[m Prepend
[63d(B[0;7m^C(B[m Cancel[17G         [63;52H(B[0;7mM-D(B[m DOS Format[63;103H(B[0;7mM-A(B[m Append[63;154H(B[0;7mM-B(B[m Backup File[61;37H[61;95H[1K (B[0;7m[ Cancelled ](B[m[K[62;35H(B[0;7m^O(B[m WriteOut[52G           [69G(B[0;7m^R(B[m Read File[62;103H(B[0;7m^Y(B[m Prev Page  [62;137H(B[0;7m^K(B[m Cut Text[154G           [171G(B[0;7m^C(B[m Cur Pos[63;2H(B[0;7mX(B[m Exit  [63;35H(B[0;7m^J(B[m Justify[52G[17X[63;69H(B[0;7m^W(B[m Where Is[63;103H(B[0;7m^V(B[m Next Page[63;137H(B[0;7m^U(B[m UnCut Text[21X[63;171H(B[0;7m^T(B[m To Spell
[37d[61d(B[0;7mSave modified buffer (ANSWERING "No" WILL DESTROY CHANGES) ?                                                                                                                                                [62;1H Y(B[m Yes[K
[63d(B[0;7m N(B[m No  [63;17H(B[0;7m^C(B[m Cancel[K[61;62H
[62d[J[63;204H[63;1H[?1049l
[?1l>bash-3.2$ nano bash_session.txt
[?1049h[1;63r(B[m[4l[?7h[?12l[?25h[?1h=[?1h=[?1h=[39;49m[39;49m(B[m[H[2J(B[0;7m  GNU nano 2.0.6                                                     File: bash_session.txt                                                                                                                 [3;1H(B[mScript started on Wed Oct 22 10:15:03 2025
[4d^[[?1034hbash-3.2$ /opt/anaconda3/envs/jupyter_env/bin/jupyter_mac.command ; exit;
[5d^[[C^[[C^[[C^[[C^[[C^[[C^[[C^[[C^[[C^[[C^[[C^[[C^[[C^[[C^[[C^[[C^[[C^[[C^[[C^[[C^[[C^[[C^[[C^[[C^[[C^[[17P^[[C^[[C^[[C^[[C^[[C^[[C^[[C^[[C^[[C^[[C^[[C^[[C^[[C^[[C^[[C^[[C^[[C^[[C^[[C^[[C^[[C^[[C^[[C^[[C^$[6;1H^[[C^[[C^[[C^[[C^[[C^[[C^[[C^[[C^[[C^[[C^[[C^[[C^[[C^[[C^[[C^[[C^[[C^[[C^[[C^[[C^[[C^[[C^[[C^[[C^[[C^[[17@envs/jupyter_env/^[[C^[[C^[[C^[[C^[[C^[[C^[[C^[[C^[[C^[[C^[[C^[[C^[[C^[[C^[[C^[[C^[[C^[[C^[[C^[[C$[7;1H^[[C^[[C^[[C^[[C^[[C^[[C^[[C^[[C^[[C^[[C^[[K^Gscript b^H^[[K^H^[[K^H^[[K^H^[[K^H^[[K^H^[[K^H^[[K^H^[[Kpwd
[8d/Users/nosizolukhele/data
[9dbash-3.2$ ls
[10dbash_session.txt[10;33Heducation_matches_results.txt   log.csv[10;97Hpol.tar.gz
[11dbash-3.2$ mkdir sds510P^H^[[K_Project1
[12dbash-3.2$ cd^H^Hmkdir sds510_Project1^H^H^H^H^H^H^H^H^H^H^H^H^H^H^H^H^H^H^[[1P^[[C^H^[[1P sds510_Project1
[13d^[[C^[[C^[[C^[[C^[[C^[[C^[[C^[[C^[[C^[[C^[[C^[[C^[[C^H^[[1P sds510_Project1
[14d^[[C^[[C^[[C^[[C^[[C^[[C^[[C^[[C^[[C^[[C^[[C^[[C^H^[[1P sds510_Project1
[15d^[[C^[[C^[[C^[[C^[[C^[[C^[[C^[[C^[[C^[[C^[[C^H^[[1P sds510_Project1
[16d^[[C^[[C^[[C^[[C^[[C^[[C^[[C^[[C^[[C^[[Cc sds510_Project1
[17d^[[C^[[C^[[C^[[C^[[C^[[C^[[C^[[C^[[C^[[C^[[Cd sds510_Project1
[18d^[[C^[[C^[[C^[[C^[[C^[[C^[[C^[[C^[[C^[[C^[[C^[[C
[19dbash-3.2$ pwd
[20d/Users/nosizolukhele/data/sds510_Project1
[21dbash-3.2$ curl -s -L https://www.dropbox.com/s/14jagxjbzhyxg8g/log.tar.gz -o pol.tar.gz^H^H^H^H^H^H^H^H^H^H^H^H^H^H^H^H^H^H^H^H^H^H^H^H^H^H^H^H^H^H^H^H^H^H^H^H^H^H^H^H^H^H^H^H^H^H^H^H^H^H^H^H^H^H^H^H^H^H$[22;1Hbash-3.2$ ls
[23dpol.tar.gz
[24dbash-3.2$ tar -xvzf pol.tag^H^[[Kr.gz
[25dtar: Unrecognized archive format
[26dtar: Error exit delayed from previous errors.
[27dbash-3.2$ tar -xvzf pol.tar.gz
[28dtar: Unrecognized archive format
[29dtar: Error exit delayed from previous errors.
[30dbash-3.2$ tar -xvzf pol.tar.gz
[31dtar: Unrecognized archive format
[32dtar: Error exit delayed from previous errors.
[33dbash-3.2$ tar -xvzf pol.tar.gz
[34d^[[C^[[C^[[C^[[C^[[C^[[C^[[C^[[C^[[C^[[Cls^[[K^H^Hcurl -s -L https://bit.ly/www.dropbox.com/s/14jagxjbzhyxg8g/log.tar.gz -o pol.tar.gz^H^H^H^H^H^H^H^H^H^H^H^H^H^H^H^H^H^H^H^H^H^H^H^H^H^H^H^H^H^H^H^H^H^H^$[35;1H^[[A^H ^H^H ^H^H ^H^H ^Hbash-3.2$ curl -s -L https://www.dropbox.com/s/14jagxjbzhyxg8g/log.tar.gz -o pol.tar.gz
[36d^[[C^[[C^[[C^[[C^[[C^[[C^[[C^[[C^[[C^[[Ctar -xvzf pol.tar.gz^[[K
[37d^[[C^[[C^[[C^[[C^[[C^[[C^[[C^[[C^[[C^[[Cls^[[K^H^Hcurl -s -L https://bit.ly/www.dropbox.com/s/14jagxjbzhyxg8g/log.tar.gz -o pol.tar.gz
[38d^[[C^[[C^[[C^[[C^[[C^[[C^[[C^[[C^[[C^[[Cls^[[K
[39dpol.tar.gz
[40dbash-3.2$ ls^H^Hcurl -s -L https://www.dropbox.com/s/14jagxjbzhyxg8g/log.tar.gz -o pol.tar.gz
[41d^[[C^[[C^[[C^[[C^[[C^[[C^[[C^[[C^[[C^[[Ctar -xvzf pol.tar.gz^[[K
[42dx log.csv
[43dbash-3.2$ ls -l
[44dtotal 6217088
[45d-rw-r--r--  1 nosizolukhele  staff  2785518314 Jan  9  2018 log.csv
[46d-rw-r--r--  1 nosizolukhele  staff   384564585 Oct 22 10:28 pol.tar.gz
[47dbash-3.2$ grep 'education*'.txt log.csv^H^[[K^H^[[K^H^[[K^H^[[K^H^[[K^H^[[K^H^[[K^H^[[K^H^[[K^H^[[K^H^[[K^H^[[K^H^[[K^H^[[K^H^[[K^H^[[K^H^[[K^H^[[K^H^[[K^H^[[K^H^[[K^H^[[K^H^[[K^H^[[K'd^H^[[Keducation90^$[48;1H1.202.140.ged,2017-06-27,01:34:47,0.0,886982.0,0000769993-17-000435,taleducation0gscototal.txt,200.0,5870.0,0.0,0.0,0.0,9.0,0.0,
[49d86.153.148.abf,2017-06-27,06:14:10,0.0,1046568.0,0001132625-10-000026,v13ga4careereducation.txt,200.0,5440.0,0.0,0.0,0.0,10.0,0.0,
[50d86.153.148.abf,2017-06-27,06:59:20,0.0,922475.0,0001086364-10-008787,itteducation012910.txt,200.0,5188.0,0.0,0.0,0.0,10.0,0.0,
[51d40.77.167.ifh,2017-06-27,07:03:14,0.0,1302343.0,0000869311-17-000385,education.realty.trust..txt,200.0,5145.0,0.0,0.0,0.0,10.0,0.0,
[52d86.153.148.abf,2017-06-27,07:44:03,0.0,895421.0,0000895421-10-000405,neworientaleducation1.txt,200.0,3800.0,0.0,0.0,0.0,10.0,0.0,
[53d86.153.148.abf,2017-06-27,08:21:58,0.0,895421.0,0000895421-10-000405,neworientaleducation1.txt,200.0,3800.0,0.0,0.0,0.0,10.0,0.0,
[54d180.165.168.jeh,2017-06-27,12:45:47,0.0,1364742.0,0000215457-17-003221,tal.education.group..txt,200.0,4925.0,0.0,0.0,0.0,10.0,0.0,
[55d180.165.168.jeh,2017-06-27,12:49:03,0.0,886982.0,0000769993-17-000435,taleducation0gscototal.txt,200.0,5870.0,0.0,0.0,0.0,10.0,0.0,
[56d199.192.67.ihd,2017-06-27,13:03:10,0.0,861177.0,0000861177-17-000012,new_oriental_education_tech.txt,200.0,11854.0,0.0,0.0,0.0,10.0,0.0,
[57d199.192.67.ihd,2017-06-27,13:15:16,0.0,1364742.0,0000215457-17-003221,tal.education.group..txt,200.0,11588.0,0.0,0.0,0.0,10.0,0.0,
[58d117.136.0.cca,2017-06-27,13:38:10,0.0,1364742.0,0000215457-17-003221,tal.education.group..txt,200.0,4925.0,0.0,0.0,0.0,10.0,0.0,
[59d204.4.182.ide,2017-06-27,13:48:17,0.0,886982.0,0000769993-17-000435,taleducation0gscototal.txt,200.0,5870.0,0.0,0.0,0.0,9.0,0.0,
[60d156.33.118.eja,2017-06-27,14:37:56,0.0,929887.0,0000215457-17-002148,apollo.education.gro.txt,200.0,5094.0,0.0,0.0,0.0,9.0,0.0,[61;76H(B[0;7m[ Read 104 lines (Converted from DOS and Mac format) ]
[62d^G(B[m Get Help[62;35H(B[0;7m^O(B[m WriteOut[62;69H(B[0;7m^R(B[m Read File[62;103H(B[0;7m^Y(B[m Prev Page[62;137H(B[0;7m^K(B[m Cut Text[62;171H(B[0;7m^C(B[m Cur Pos
[63d(B[0;7m^X(B[m Exit[63;35H(B[0;7m^J(B[m Justify[63;69H(B[0;7m^W(B[m Where Is[63;103H(B[0;7m^V(B[m Next Page[63;137H(B[0;7m^U(B[m UnCut Text[63;171H(B[0;7m^T(B[m To Spell
[3d[2;60r[2;1HM[1;63r[1;195H(B[0;7mModified
[3d(B[mNosizo Lukhele â€“ SDS 510 Project 1 Bash Session Transcript
[61d[K[4d7[4;60r8M[1;63r[5;1H[61d(B[0;7mFile Name to Write: bash_session.txt                                                                                                                                                                        [62;35H(B[m           [52G(B[0;7m^T(B[m To Files[69G            [62;103H(B[0;7mM-M(B[m Mac Format[62;137H           [154G(B[0;7mM-P(B[m Prepend[K[63;2H(B[0;7mC(B[m Cancel[63;35H          [52G(B[0;7mM-D(B[m DOS Format[14X[63;103H(B[0;7mM-A(B[m Append  [63;137H[17X[63;154H(B[0;7mM-B(B[m Backup File[K[61;37H[1;195H[39;49m(B[0;7m        [61;92H(B[m[1K (B[0;7m[ Wrote 106 lines ](B[m[K[62;35H(B[0;7m^O(B[m WriteOut[52G           [69G(B[0;7m^R(B[m Read File[62;103H(B[0;7m^Y(B[m Prev Page  [62;137H(B[0;7m^K(B[m Cut Text[154G           [171G(B[0;7m^C(B[m Cur Pos[63;2H(B[0;7mX(B[m Exit  [63;35H(B[0;7m^J(B[m Justify[52G[17X[63;69H(B[0;7m^W(B[m Where Is[63;103H(B[0;7m^V(B[m Next Page[63;137H(B[0;7m^U(B[m UnCut Text[21X[63;171H(B[0;7m^T(B[m To Spell
[5d[61;76H(B[0;7m[ line 3/107 (2%), col 1/43 (2%), char 60/7166 (0%) ]
[5d(B[m[62d[J[63;204H[63;1H[?1049l
[?1l>bash-3.2$ nano bash_session.txt
[?1049h[1;63r(B[m[4l[?7h[?12l[?25h[?1h=[?1h=[?1h=[39;49m[39;49m(B[m[H[2J(B[0;7m  GNU nano 2.0.6                                                     File: bash_session.txt                                                                                                                 [3;1H(B[mNosizo Lukhele â€“ SDS 510 Project 1 Bash Session Transcript
[5dScript started on Wed Oct 22 10:15:03 2025
[6d^[[?1034hbash-3.2$ /opt/anaconda3/envs/jupyter_env/bin/jupyter_mac.command ; exit;
[7d^[[C^[[C^[[C^[[C^[[C^[[C^[[C^[[C^[[C^[[C^[[C^[[C^[[C^[[C^[[C^[[C^[[C^[[C^[[C^[[C^[[C^[[C^[[C^[[C^[[C^[[17P^[[C^[[C^[[C^[[C^[[C^[[C^[[C^[[C^[[C^[[C^[[C^[[C^[[C^[[C^[[C^[[C^[[C^[[C^[[C^[[C^[[C^[[C^[[C^[[C^$[8;1H^[[C^[[C^[[C^[[C^[[C^[[C^[[C^[[C^[[C^[[C^[[C^[[C^[[C^[[C^[[C^[[C^[[C^[[C^[[C^[[C^[[C^[[C^[[C^[[C^[[C^[[17@envs/jupyter_env/^[[C^[[C^[[C^[[C^[[C^[[C^[[C^[[C^[[C^[[C^[[C^[[C^[[C^[[C^[[C^[[C^[[C^[[C^[[C^[[C$[9;1H^[[C^[[C^[[C^[[C^[[C^[[C^[[C^[[C^[[C^[[C^[[K^Gscript b^H^[[K^H^[[K^H^[[K^H^[[K^H^[[K^H^[[K^H^[[K^H^[[Kpwd
[10d/Users/nosizolukhele/data
[11dbash-3.2$ ls
[12dbash_session.txt[12;33Heducation_matches_results.txt   log.csv[12;97Hpol.tar.gz
[13dbash-3.2$ mkdir sds510P^H^[[K_Project1
[14dbash-3.2$ cd^H^Hmkdir sds510_Project1^H^H^H^H^H^H^H^H^H^H^H^H^H^H^H^H^H^H^[[1P^[[C^H^[[1P sds510_Project1
[15d^[[C^[[C^[[C^[[C^[[C^[[C^[[C^[[C^[[C^[[C^[[C^[[C^[[C^H^[[1P sds510_Project1
[16d^[[C^[[C^[[C^[[C^[[C^[[C^[[C^[[C^[[C^[[C^[[C^[[C^H^[[1P sds510_Project1
[17d^[[C^[[C^[[C^[[C^[[C^[[C^[[C^[[C^[[C^[[C^[[C^H^[[1P sds510_Project1
[18d^[[C^[[C^[[C^[[C^[[C^[[C^[[C^[[C^[[C^[[Cc sds510_Project1
[19d^[[C^[[C^[[C^[[C^[[C^[[C^[[C^[[C^[[C^[[C^[[Cd sds510_Project1
[20d^[[C^[[C^[[C^[[C^[[C^[[C^[[C^[[C^[[C^[[C^[[C^[[C
[21dbash-3.2$ pwd
[22d/Users/nosizolukhele/data/sds510_Project1
[23dbash-3.2$ curl -s -L https://www.dropbox.com/s/14jagxjbzhyxg8g/log.tar.gz -o pol.tar.gz^H^H^H^H^H^H^H^H^H^H^H^H^H^H^H^H^H^H^H^H^H^H^H^H^H^H^H^H^H^H^H^H^H^H^H^H^H^H^H^H^H^H^H^H^H^H^H^H^H^H^H^H^H^H^H^H^H^H$[24;1Hbash-3.2$ ls
[25dpol.tar.gz
[26dbash-3.2$ tar -xvzf pol.tag^H^[[Kr.gz
[27dtar: Unrecognized archive format
[28dtar: Error exit delayed from previous errors.
[29dbash-3.2$ tar -xvzf pol.tar.gz
[30dtar: Unrecognized archive format
[31dtar: Error exit delayed from previous errors.
[32dbash-3.2$ tar -xvzf pol.tar.gz
[33dtar: Unrecognized archive format
[34dtar: Error exit delayed from previous errors.
[35dbash-3.2$ tar -xvzf pol.tar.gz
[36d^[[C^[[C^[[C^[[C^[[C^[[C^[[C^[[C^[[C^[[Cls^[[K^H^Hcurl -s -L https://bit.ly/www.dropbox.com/s/14jagxjbzhyxg8g/log.tar.gz -o pol.tar.gz^H^H^H^H^H^H^H^H^H^H^H^H^H^H^H^H^H^H^H^H^H^H^H^H^H^H^H^H^H^H^H^H^H^H^$[37;1H^[[A^H ^H^H ^H^H ^H^H ^Hbash-3.2$ curl -s -L https://www.dropbox.com/s/14jagxjbzhyxg8g/log.tar.gz -o pol.tar.gz
[38d^[[C^[[C^[[C^[[C^[[C^[[C^[[C^[[C^[[C^[[Ctar -xvzf pol.tar.gz^[[K
[39d^[[C^[[C^[[C^[[C^[[C^[[C^[[C^[[C^[[C^[[Cls^[[K^H^Hcurl -s -L https://bit.ly/www.dropbox.com/s/14jagxjbzhyxg8g/log.tar.gz -o pol.tar.gz
[40d^[[C^[[C^[[C^[[C^[[C^[[C^[[C^[[C^[[C^[[Cls^[[K
[41dpol.tar.gz
[42dbash-3.2$ ls^H^Hcurl -s -L https://www.dropbox.com/s/14jagxjbzhyxg8g/log.tar.gz -o pol.tar.gz
[43d^[[C^[[C^[[C^[[C^[[C^[[C^[[C^[[C^[[C^[[Ctar -xvzf pol.tar.gz^[[K
[44dx log.csv
[45dbash-3.2$ ls -l
[46dtotal 6217088
[47d-rw-r--r--  1 nosizolukhele  staff  2785518314 Jan  9  2018 log.csv
[48d-rw-r--r--  1 nosizolukhele  staff   384564585 Oct 22 10:28 pol.tar.gz
[49dbash-3.2$ grep 'education*'.txt log.csv^H^[[K^H^[[K^H^[[K^H^[[K^H^[[K^H^[[K^H^[[K^H^[[K^H^[[K^H^[[K^H^[[K^H^[[K^H^[[K^H^[[K^H^[[K^H^[[K^H^[[K^H^[[K^H^[[K^H^[[K^H^[[K^H^[[K^H^[[K^H^[[K'd^H^[[Keducation90^$[50;1H1.202.140.ged,2017-06-27,01:34:47,0.0,886982.0,0000769993-17-000435,taleducation0gscototal.txt,200.0,5870.0,0.0,0.0,0.0,9.0,0.0,
[51d86.153.148.abf,2017-06-27,06:14:10,0.0,1046568.0,0001132625-10-000026,v13ga4careereducation.txt,200.0,5440.0,0.0,0.0,0.0,10.0,0.0,
[52d86.153.148.abf,2017-06-27,06:59:20,0.0,922475.0,0001086364-10-008787,itteducation012910.txt,200.0,5188.0,0.0,0.0,0.0,10.0,0.0,
[53d40.77.167.ifh,2017-06-27,07:03:14,0.0,1302343.0,0000869311-17-000385,education.realty.trust..txt,200.0,5145.0,0.0,0.0,0.0,10.0,0.0,
[54d86.153.148.abf,2017-06-27,07:44:03,0.0,895421.0,0000895421-10-000405,neworientaleducation1.txt,200.0,3800.0,0.0,0.0,0.0,10.0,0.0,
[55d86.153.148.abf,2017-06-27,08:21:58,0.0,895421.0,0000895421-10-000405,neworientaleducation1.txt,200.0,3800.0,0.0,0.0,0.0,10.0,0.0,
[56d180.165.168.jeh,2017-06-27,12:45:47,0.0,1364742.0,0000215457-17-003221,tal.education.group..txt,200.0,4925.0,0.0,0.0,0.0,10.0,0.0,
[57d180.165.168.jeh,2017-06-27,12:49:03,0.0,886982.0,0000769993-17-000435,taleducation0gscototal.txt,200.0,5870.0,0.0,0.0,0.0,10.0,0.0,
[58d199.192.67.ihd,2017-06-27,13:03:10,0.0,861177.0,0000861177-17-000012,new_oriental_education_tech.txt,200.0,11854.0,0.0,0.0,0.0,10.0,0.0,
[59d199.192.67.ihd,2017-06-27,13:15:16,0.0,1364742.0,0000215457-17-003221,tal.education.group..txt,200.0,11588.0,0.0,0.0,0.0,10.0,0.0,
[60d117.136.0.cca,2017-06-27,13:38:10,0.0,1364742.0,0000215457-17-003221,tal.education.group..txt,200.0,4925.0,0.0,0.0,0.0,10.0,0.0,[61;94H(B[0;7m[ Read 106 lines ]
[62d^G(B[m Get Help[62;35H(B[0;7m^O(B[m WriteOut[62;69H(B[0;7m^R(B[m Read File[62;103H(B[0;7m^Y(B[m Prev Page[62;137H(B[0;7m^K(B[m Cut Text[62;171H(B[0;7m^C(B[m Cur Pos
[63d(B[0;7m^X(B[m Exit[63;35H(B[0;7m^J(B[m Justify[63;69H(B[0;7m^W(B[m Where Is[63;103H(B[0;7m^V(B[m Next Page[63;137H(B[0;7m^U(B[m UnCut Text[63;171H(B[0;7m^T(B[m To Spell
[3d[62d[J[63;204H[63;1H[?1049l
[?1l>bash-3.2$ nano bash_session.txt[1P.txt[1P.txt[1P.txt[1P.txt[1P.txt[1P.txt[1P.txt[1P.txt[1P.txt[1P.txt[1P.txt[1P.txtg.txti.txtt.txt_.txt[1P.txt[1P.txt[1P.txt[1P.txtm.txty.txtg.txti.txtt.txt_.txts.txth.txt
                                                                                                                                                                                                                                                                                                                                                                                                                                                                                                                                                                                                                                                                                                                                                                                                                                                                                                                                                                                                                                                                                                                                                                                                                                                                                                                                                                                                                                                                                                                                                                                                                                                                                                                                                                                                                                                                                                                                                                                                                                                                                                                                                                                                                                                                                                                                                                                                                                                                                                                                                                                                                                                                                                                                                                                                                                                                                                                                                                                                                                                                                                                                                                                                                                                                                                                                                                                                                                                                                                                                                                                                                                                                                                                                                                                                                                                                                                                                                                                                                                                                                                                                                                                                                                                                                                                                                                                                                                                                                                                                                                                                                                                                                                                                                                                                                                                                                                                                                                                                                                                                                                                                                                                                                                                                                                                                                                                                                                                                                                                                                                                                                                                                                                                                                                                                                                                                                                                                                                                                                                                                                                                                                                                               t Session Transcript[3;43Ho Session Transcript[3;44Hr Session Transcript[3;45Hy Session Transcript[3;46HGRepository Session Transcript[3;37HiRepository Session Transcript[3;38HtRepository Session Transcript[3;39HhRepository Session Transcript[3;40HuRepository Session Transcript[3;41HbRepository Session Transcript[3;42H Repository Session Transcript[3;43HRepository Session Transcript[61d(B[0;7mFile Name to Write: my_git_sesh.txt                                                                                                                                                                         [62;35H(B[m           [52G(B[0;7m^T(B[m To Files[69G            [62;103H(B[0;7mM-M(B[m Mac Format[62;137H           [154G(B[0;7mM-P(B[m Prepend[K[63;2H(B[0;7mC(B[m Cancel[63;35H          [52G(B[0;7mM-D(B[m DOS Format[14X[63;103H(B[0;7mM-A(B[m Append  [63;137H[17X[63;154H(B[0;7mM-B(B[m Backup File[K[61;36H[1;195H[39;49m(B[0;7m        [61;92H(B[m[1K (B[0;7m[ Wrote 331 lines ](B[m[K[62;35H(B[0;7m^O(B[m WriteOut[52G           [69G(B[0;7m^R(B[m Read File[62;103H(B[0;7m^Y(B[m Prev Page  [62;137H(B[0;7m^K(B[m Cut Text[154G           [171G(B[0;7m^C(B[m Cur Pos[63;2H(B[0;7mX(B[m Exit  [63;35H(B[0;7m^J(B[m Justify[52G[17X[63;69H(B[0;7m^W(B[m Where Is[63;103H(B[0;7m^V(B[m Next Page[63;137H(B[0;7m^U(B[m UnCut Text[21X[63;171H(B[0;7m^T(B[m To Spell[3;72H[62d[J[63;204H[63;1H[?1049l[?1l>bash-3.2$ head bash_session.te[Kxt
Nosizo Lukhele â€“ SDS 510 Project 1 Bash Session Transcript

Script started on Wed Oct 22 10:15:03 2025
[?1034hbash-3.2$ /opt/anaconda3/envs/jupyter_env/bin/jupyter_mac.command ; exit;
[C[C[C[C[C[C[C[C[C[C[C[C[C[C[C[C[C[C[C[C[C[C[C[C[C[17P[C[C[C[C[C[C[C[C[C[C[C[C[C[C[C[C[C[C[C[C[C[C[C[C[C[C[C[C[C[C[C
[C[C[C[C[C[C[C[C[C[C[C[C[C[C[C[C[C[C[C[C[C[C[C[C[C[17@envs/jupyter_env/[C[C[C[C[C[C[C[C[C[C[C[C[C[C[C[C[C[C[C[C[C[C[C[C[C[C[C[C[C[C[C
[C[C[C[C[C[C[C[C[C[C[Kscript b[K[K[K[K[K[K[K[Kpwd
/Users/nosizolukhele/data
bash-3.2$ ls
bash_session.txt		education_matches_results.txt	log.csv				pol.tar.gz
bash-3.2$ git add bash_session.txt
bash-3.2$ git add[K[K[K[K[K[K[Kgit commit -m "Added title of[K[Kof my transcipt file"
[main 3fff25f] Added title of my transcipt file
 1 file changed, 103 insertions(+), 87 deletions(-)
bash-3.2$ git push
Counting objects: 3, done.
Delta compression using up to 4 threads.
Compressing objects:  33% (1/3)   Compressing objects:  66% (2/3)   Compressing objects: 100% (3/3)   Compressing objects: 100% (3/3), done.
Writing objects:  33% (1/3)   Writing objects:  66% (2/3)   Writing objects: 100% (3/3)   Writing objects: 100% (3/3), 812 bytes | 812.00 KiB/s, done.
Total 3 (delta 2), reused 0 (delta 0)
remote: Resolving deltas:   0% (0/2)[Kremote: Resolving deltas:  50% (1/2)[Kremote: Resolving deltas: 100% (2/2)[Kremote: Resolving deltas: 100% (2/2), completed with 2 local objects.[K
To https://github.com/lnosizo/sds510.git
   a8a9318..3fff25f  main -> main
bash-3.2$ git a[K[K[K[K[Kgit ad [Kd my_git